// Jest Snapshot v1, https://goo.gl/fbAQLP

exports[`probot-cc on pull_request.opened creates comment with preview sandbox helpers 1`] = `
Object {
  "body": "_You have succesfully installed probot-cc, now please create a \`.github/customizable-comments.yml\` file in your repository to customize this message._",
  "number": 1,
  "owner": "tizmagik",
  "repo": "testing-pr-opened",
}
`;
